[templates.envytheme.com/plod/default/index.html]
[templates.envytheme.com/plod/default/assets/css/bootstrap.min.css]
[templates.envytheme.com/plod/default/assets/css/animate.min.css]
[templates.envytheme.com/plod/default/assets/css/meanmenu.css]
[templates.envytheme.com/plod/default/assets/css/remixicon.css]
[templates.envytheme.com/plod/default/assets/css/odometer.min.css]
[templates.envytheme.com/plod/default/assets/css/nice-select.min.css]
[templates.envytheme.com/plod/default/assets/css/owl.carousel.min.css]
[templates.envytheme.com/plod/default/assets/css/owl.theme.default.min.css]
[templates.envytheme.com/plod/default/assets/css/magnific-popup.min.css]
[templates.envytheme.com/plod/default/assets/css/fancybox.min.css]
[templates.envytheme.com/plod/default/assets/css/dark.css]
[templates.envytheme.com/plod/default/assets/css/style.css]
[backblue.gif]
[fade.gif]
[index.html]
[templates.envytheme.com/plod/default/assets/css/responsive.css]
[templates.envytheme.com/plod/default/assets/images/favicon.png]
[templates.envytheme.com/plod/default/assets/images/logo.png]
[templates.envytheme.com/plod/default/assets/images/white-logo.png]
[templates.envytheme.com/plod/default/index-2.html]
[templates.envytheme.com/plod/default/index-3.html]
[templates.envytheme.com/plod/default/index-4.html]
[templates.envytheme.com/plod/default/index-5.html]
[templates.envytheme.com/plod/default/about-1.html]
[templates.envytheme.com/plod/default/about-2.html]
[templates.envytheme.com/plod/default/features-1.html]
[templates.envytheme.com/plod/default/features-2.html]
[templates.envytheme.com/plod/default/testimonials.html]
[templates.envytheme.com/plod/default/services-1.html]
[templates.envytheme.com/plod/default/services-2.html]
[templates.envytheme.com/plod/default/services-3.html]
[templates.envytheme.com/plod/default/services-details.html]
[templates.envytheme.com/plod/default/team-member.html]
[templates.envytheme.com/plod/default/pricing.html]
[templates.envytheme.com/plod/default/gallery.html]
[templates.envytheme.com/plod/default/faq.html]
[templates.envytheme.com/plod/default/events.html]
[templates.envytheme.com/plod/default/events-details.html]
[templates.envytheme.com/plod/default/courses-grid.html]
[templates.envytheme.com/plod/default/courses-details.html]
[templates.envytheme.com/plod/default/courses-right-sidebar.html]
[templates.envytheme.com/plod/default/products-grid.html]
[templates.envytheme.com/plod/default/cart.html]
[templates.envytheme.com/plod/default/checkout.html]
[templates.envytheme.com/plod/default/products-details.html]
[templates.envytheme.com/plod/default/profile-authentication.html]
[templates.envytheme.com/plod/default/membership-levels.html]
[templates.envytheme.com/plod/default/purchase-guide.html]
[templates.envytheme.com/plod/default/terms-of-service.html]
[templates.envytheme.com/plod/default/privacy-policy.html]
[templates.envytheme.com/plod/default/error-404.html]
[templates.envytheme.com/plod/default/coming-soon.html]
[templates.envytheme.com/plod/default/case-study-1.html]
[templates.envytheme.com/plod/default/case-study-2.html]
[templates.envytheme.com/plod/default/case-study-details.html]
[templates.envytheme.com/plod/default/blog.html]
[templates.envytheme.com/plod/default/blog-right-sidebar.html]
[templates.envytheme.com/plod/default/blog-standard.html]
[templates.envytheme.com/plod/default/blog-details.html]
[templates.envytheme.com/plod/default/contact.html]
[templates.envytheme.com/plod/default/assets/images/main-banner/banner-one/tag-icon.png]
[templates.envytheme.com/plod/default/assets/images/main-banner/banner-one/img1.png]
[templates.envytheme.com/plod/default/assets/images/main-banner/banner-one/img2.png]
[templates.envytheme.com/plod/default/assets/images/main-banner/banner-one/img3.png]
[templates.envytheme.com/plod/default/assets/images/main-banner/banner-one/img4.png]
[templates.envytheme.com/plod/default/assets/images/main-banner/banner-one/img5.png]
[templates.envytheme.com/plod/default/assets/images/main-banner/banner-one/img6.png]
[templates.envytheme.com/plod/default/assets/images/main-banner/banner-one/img7.png]
[templates.envytheme.com/plod/default/assets/images/main-banner/banner-one/img8.png]
[templates.envytheme.com/plod/default/assets/images/main-banner/banner-one/img9.png]
[templates.envytheme.com/plod/default/assets/images/main-banner/banner-one/img10.png]
[templates.envytheme.com/plod/default/assets/images/main-banner/banner-one/img11.png]
[templates.envytheme.com/plod/default/assets/images/main-banner/banner-one/img12.png]
[templates.envytheme.com/plod/default/assets/images/main-banner/banner-one/img13.png]
[templates.envytheme.com/plod/default/assets/images/main-banner/banner-one/img14.png]
[templates.envytheme.com/plod/default/assets/images/main-banner/banner-one/img15.png]
[templates.envytheme.com/plod/default/assets/images/main-banner/banner-one/main-pic.png]
[templates.envytheme.com/plod/default/assets/images/main-banner/banner-one/shape-1.png]
[templates.envytheme.com/plod/default/assets/images/main-banner/banner-one/shape-2.png]
[templates.envytheme.com/plod/default/assets/images/main-banner/banner-one/shape-3.png]
[templates.envytheme.com/plod/default/assets/images/main-banner/banner-one/shape-4.png]
[templates.envytheme.com/plod/default/assets/images/partner/partner-1.png]
[templates.envytheme.com/plod/default/assets/images/partner/partner-2.png]
[templates.envytheme.com/plod/default/assets/images/partner/partner-3.png]
[templates.envytheme.com/plod/default/assets/images/partner/partner-4.png]
[templates.envytheme.com/plod/default/assets/images/partner/partner-5.png]
[templates.envytheme.com/plod/default/assets/images/partner/shape-1.png]
[templates.envytheme.com/plod/default/assets/images/partner/shape-2.png]
[templates.envytheme.com/plod/default/assets/images/features/features-1.png]
[templates.envytheme.com/plod/default/assets/images/features/features-2.png]
[templates.envytheme.com/plod/default/assets/images/features/features-3.png]
[templates.envytheme.com/plod/default/assets/images/features/shape-1.png]
[templates.envytheme.com/plod/default/assets/images/features/shape-2.png]
[templates.envytheme.com/plod/default/assets/images/features/shape-3.png]
[templates.envytheme.com/plod/default/assets/images/features/shape-4.png]
[templates.envytheme.com/plod/default/assets/images/experiences/tag-icon.png]
[templates.envytheme.com/plod/default/assets/images/experiences/img1.png]
[templates.envytheme.com/plod/default/assets/images/experiences/img2.png]
[templates.envytheme.com/plod/default/assets/images/experiences/img3.png]
[templates.envytheme.com/plod/default/assets/images/experiences/experiences-1.png]
[templates.envytheme.com/plod/default/assets/images/experiences/shape-1.png]
[templates.envytheme.com/plod/default/assets/images/experiences/shape-2.png]
[templates.envytheme.com/plod/default/assets/images/experiences/shape-3.png]
[templates.envytheme.com/plod/default/assets/images/experiences/shape-4.png]
[templates.envytheme.com/plod/default/assets/images/experiences/shape-5.png]
[templates.envytheme.com/plod/default/assets/images/services/shape-1.png]
[templates.envytheme.com/plod/default/assets/images/services/shape-2.png]
[templates.envytheme.com/plod/default/assets/images/services/shape-3.png]
[templates.envytheme.com/plod/default/assets/images/services/shape-4.png]
[templates.envytheme.com/plod/default/assets/images/support/shape-1.png]
[templates.envytheme.com/plod/default/assets/images/support/shape-2.png]
[templates.envytheme.com/plod/default/assets/images/support/shape-3.png]
[templates.envytheme.com/plod/default/assets/images/support/shape-4.png]
[templates.envytheme.com/plod/default/assets/images/support/shape-5.png]
[templates.envytheme.com/plod/default/assets/images/support/shape-6.png]
[templates.envytheme.com/plod/default/assets/images/cases-study/cases-1.jpg]
[templates.envytheme.com/plod/default/assets/images/cases-study/cases-2.jpg]
[templates.envytheme.com/plod/default/assets/images/cases-study/cases-3.jpg]
[templates.envytheme.com/plod/default/assets/images/cases-study/cases-4.jpg]
[templates.envytheme.com/plod/default/assets/images/cases-study/shape-1.png]
[templates.envytheme.com/plod/default/assets/images/cases-study/shape-2.png]
[templates.envytheme.com/plod/default/assets/images/cases-study/shape-3.png]
[templates.envytheme.com/plod/default/assets/images/cases-study/shape-4.png]
[templates.envytheme.com/plod/default/assets/images/cases-study/shape-5.png]
[templates.envytheme.com/plod/default/assets/images/clients/clients-1.png]
[templates.envytheme.com/plod/default/assets/images/clients/shape-4.png]
[templates.envytheme.com/plod/default/assets/images/clients/shape-5.png]
[templates.envytheme.com/plod/default/assets/images/clients/shape-6.png]
[templates.envytheme.com/plod/default/assets/images/clients/clients-2.png]
[templates.envytheme.com/plod/default/assets/images/clients/clients-3.png]
[templates.envytheme.com/plod/default/assets/images/clients/shape-1.png]
[templates.envytheme.com/plod/default/assets/images/clients/shape-2.png]
[templates.envytheme.com/plod/default/assets/images/clients/shape-3.png]
[templates.envytheme.com/plod/default/assets/images/plans/shape-1.png]
[templates.envytheme.com/plod/default/assets/images/plans/shape-2.png]
[templates.envytheme.com/plod/default/assets/images/plans/shape-3.png]
[templates.envytheme.com/plod/default/assets/images/blog/blog-1.jpg]
[templates.envytheme.com/plod/default/assets/images/blog/blog-2.jpg]
[templates.envytheme.com/plod/default/assets/images/blog/blog-3.jpg]
[templates.envytheme.com/plod/default/assets/images/blog/shape-1.png]
[templates.envytheme.com/plod/default/assets/images/blog/shape-2.png]
[templates.envytheme.com/plod/default/assets/images/overview/bar.png]
[templates.envytheme.com/plod/default/assets/images/overview/shape-1.png]
[templates.envytheme.com/plod/default/assets/images/overview/shape-2.png]
[templates.envytheme.com/plod/default/assets/images/overview/shape-3.png]
[templates.envytheme.com/plod/default/assets/images/overview/shape-4.png]
[templates.envytheme.com/plod/default/assets/images/overview/shape-5.png]
[templates.envytheme.com/cdn-cgi/scripts/5c5dd728/cloudflare-static/email-decode.min.js]
[templates.envytheme.com/plod/default/assets/images/footer/shape-1.png]
[templates.envytheme.com/plod/default/assets/images/footer/shape-2.png]
[templates.envytheme.com/plod/default/assets/images/footer/shape-3.png]
[templates.envytheme.com/plod/default/assets/images/footer/shape-4.png]
[templates.envytheme.com/plod/default/assets/images/footer/shape-5.png]
[templates.envytheme.com/plod/default/assets/js/jquery.min.js]
[templates.envytheme.com/plod/default/assets/js/bootstrap.bundle.min.js]
[templates.envytheme.com/plod/default/assets/js/jquery.meanmenu.js]
[templates.envytheme.com/plod/default/assets/js/owl.carousel.min.js]
[templates.envytheme.com/plod/default/assets/js/jquery.appear.js]
[templates.envytheme.com/plod/default/assets/js/odometer.min.js]
[templates.envytheme.com/plod/default/assets/js/nice-select.min.js]
[templates.envytheme.com/plod/default/assets/js/jquery.magnific-popup.min.js]
[templates.envytheme.com/plod/default/assets/js/fancybox.min.js]
[templates.envytheme.com/plod/default/assets/js/TweenMax.min.js]
[templates.envytheme.com/plod/default/assets/js/scrollbar.min.js]
[templates.envytheme.com/plod/default/assets/js/horizontal-scrollbar.min.js]
[templates.envytheme.com/plod/default/assets/js/jquery.ajaxchimp.min.js]
[templates.envytheme.com/plod/default/assets/js/form-validator.min.js]
[templates.envytheme.com/plod/default/assets/js/contact-form-script.js]
[templates.envytheme.com/plod/default/assets/js/wow.min.js]
[templates.envytheme.com/plod/default/index.html]
[templates.envytheme.com/plod/default/assets/css/bootstrap.min.css]
[templates.envytheme.com/plod/default/assets/css/animate.min.css]
[templates.envytheme.com/plod/default/assets/css/meanmenu.css]
[templates.envytheme.com/plod/default/assets/js/main.js]
[templates.envytheme.com/plod/default/assets/fonts/remixicondf6d.eot]
[templates.envytheme.com/plod/default/assets/fonts/remixicondf6d.woff2]
[templates.envytheme.com/plod/default/assets/fonts/remixicondf6d.woff]
[templates.envytheme.com/plod/default/assets/fonts/remixicondf6d.ttf]
[templates.envytheme.com/plod/default/assets/fonts/remixicondf6d.svg]
[templates.envytheme.com/plod/default/assets/css/remixicon.css]
[templates.envytheme.com/plod/default/assets/css/odometer.min.css]
[templates.envytheme.com/plod/default/assets/css/nice-select.min.css]
[templates.envytheme.com/plod/default/assets/css/owl.video.play.png]
[templates.envytheme.com/plod/default/assets/css/owl.carousel.min.css]
[templates.envytheme.com/plod/default/assets/css/owl.theme.default.min.css]
[templates.envytheme.com/plod/default/assets/css/magnific-popup.min.css]
[templates.envytheme.com/plod/default/assets/css/fancybox.min.css]
[templates.envytheme.com/plod/default/assets/images/support/support-bg-1.jpg]
[templates.envytheme.com/plod/default/assets/images/blog/blog-4.jpg]
[templates.envytheme.com/plod/default/assets/images/blog/blog-5.jpg]
[templates.envytheme.com/plod/default/assets/images/blog/blog-6.jpg]
[templates.envytheme.com/plod/default/assets/images/blog/blog-7.jpg]
[templates.envytheme.com/plod/default/assets/images/courses/courses-1.jpg]
[templates.envytheme.com/plod/default/assets/images/courses/courses-2.jpg]
[templates.envytheme.com/plod/default/assets/images/courses/courses-3.jpg]
[templates.envytheme.com/plod/default/assets/images/coming-soon-bg.jpg]
[templates.envytheme.com/plod/default/assets/css/style.css]
[i.ibb.co/FxzBYR9/night.png]
[i.ibb.co/7JfqXxB/sunny.png]
[templates.envytheme.com/plod/default/assets/css/dark.css]
[templates.envytheme.com/plod/default/assets/css/responsive.css]
[templates.envytheme.com/plod/default/assets/images/main-banner/banner-two/tag-icon.png]
[templates.envytheme.com/plod/default/assets/images/main-banner/banner-two/img1.png]
[templates.envytheme.com/plod/default/assets/images/main-banner/banner-two/img2.png]
[templates.envytheme.com/plod/default/assets/images/main-banner/banner-two/img3.png]
[templates.envytheme.com/plod/default/assets/images/main-banner/banner-two/img4.png]
[templates.envytheme.com/plod/default/assets/images/main-banner/banner-two/img5.png]
[templates.envytheme.com/plod/default/assets/images/main-banner/banner-two/img6.png]
[templates.envytheme.com/plod/default/assets/images/main-banner/banner-two/img7.png]
[templates.envytheme.com/plod/default/assets/images/main-banner/banner-two/img8.png]
[templates.envytheme.com/plod/default/assets/images/main-banner/banner-two/img9.png]
[templates.envytheme.com/plod/default/assets/images/main-banner/banner-two/main-pic.png]
[templates.envytheme.com/plod/default/assets/images/main-banner/banner-two/shape-1.png]
[templates.envytheme.com/plod/default/assets/images/main-banner/banner-two/shape-2.png]
[templates.envytheme.com/plod/default/assets/images/main-banner/banner-two/shape-3.png]
[templates.envytheme.com/plod/default/assets/images/main-banner/banner-two/shape-4.png]
[templates.envytheme.com/plod/default/assets/images/main-banner/banner-two/large-shape.png]
[templates.envytheme.com/plod/default/assets/images/about/about.png]
[templates.envytheme.com/plod/default/assets/images/about/tag-icon.png]
[templates.envytheme.com/plod/default/assets/images/about/img1.png]
[templates.envytheme.com/plod/default/assets/images/about/img2.png]
[templates.envytheme.com/plod/default/assets/images/about/img3.png]
[templates.envytheme.com/plod/default/assets/images/about/shape-1.png]
[templates.envytheme.com/plod/default/assets/images/about/shape-2.png]
[templates.envytheme.com/plod/default/assets/images/about/shape-3.png]
[templates.envytheme.com/plod/default/assets/images/about/shape-4.png]
[templates.envytheme.com/plod/default/assets/images/about/shape-5.png]
[templates.envytheme.com/plod/default/assets/images/video/video-1.jpg]
[templates.envytheme.com/plod/default/assets/images/video/shape-1.png]
[templates.envytheme.com/plod/default/assets/images/video/shape-2.png]
[templates.envytheme.com/plod/default/assets/images/services/shape-5.png]
[templates.envytheme.com/plod/default/assets/images/fun-facts/shape-1.png]
[templates.envytheme.com/plod/default/assets/images/fun-facts/shape-2.png]
[templates.envytheme.com/plod/default/assets/images/fun-facts/shape-3.png]
[templates.envytheme.com/plod/default/assets/images/fun-facts/shape-4.png]
[templates.envytheme.com/plod/default/assets/images/projects/projects-1.jpg]
[templates.envytheme.com/plod/default/assets/images/projects/projects-2.jpg]
[templates.envytheme.com/plod/default/assets/images/projects/projects-3.jpg]
[templates.envytheme.com/plod/default/assets/images/projects/projects-4.jpg]
[templates.envytheme.com/plod/default/assets/images/projects/projects-5.jpg]
[templates.envytheme.com/plod/default/assets/images/projects/projects-6.jpg]
[templates.envytheme.com/plod/default/assets/images/projects/shape-1.png]
[templates.envytheme.com/plod/default/assets/images/projects/shape-2.png]
[templates.envytheme.com/plod/default/assets/images/projects/shape-3.png]
[templates.envytheme.com/plod/default/assets/images/projects/shape-4.png]
[templates.envytheme.com/plod/default/assets/images/projects/shape-5.png]
[templates.envytheme.com/plod/default/assets/images/plans/shape-4.png]
[templates.envytheme.com/plod/default/assets/images/plans/shape-5.png]
[templates.envytheme.com/plod/default/index-2.html]
[templates.envytheme.com/plod/default/assets/images/main-banner/banner-three/tag-icon.png]
[templates.envytheme.com/plod/default/assets/images/main-banner/banner-three/main-pic.png]
[templates.envytheme.com/plod/default/assets/images/analysis/analysis.png]
[templates.envytheme.com/plod/default/assets/images/analysis/img1.png]
[templates.envytheme.com/plod/default/assets/images/analysis/img2.png]
[templates.envytheme.com/plod/default/assets/images/analysis/img3.png]
[templates.envytheme.com/plod/default/assets/images/analysis/shape-1.png]
[templates.envytheme.com/plod/default/assets/images/analysis/shape-2.png]
[templates.envytheme.com/plod/default/assets/images/analysis/shape-3.png]
[templates.envytheme.com/plod/default/assets/images/analysis/shape-4.png]
[templates.envytheme.com/plod/default/assets/images/analysis/shape-5.png]
[templates.envytheme.com/plod/default/assets/images/technology/tag-icon.png]
[templates.envytheme.com/plod/default/assets/images/technology/technology-1.jpg]
[templates.envytheme.com/plod/default/assets/images/technology/shape-1.png]
[templates.envytheme.com/plod/default/assets/images/technology/shape-2.png]
[templates.envytheme.com/plod/default/assets/images/technology/shape-3.png]
[templates.envytheme.com/plod/default/assets/images/technology/shape-4.png]
[templates.envytheme.com/plod/default/assets/images/team/team-1.jpg]
[templates.envytheme.com/plod/default/assets/images/team/team-2.jpg]
[templates.envytheme.com/plod/default/assets/images/team/team-3.jpg]
[templates.envytheme.com/plod/default/assets/images/team/team-4.jpg]
[templates.envytheme.com/plod/default/index-3.html]
[templates.envytheme.com/plod/default/assets/images/features/features-4.png]
[templates.envytheme.com/plod/default/assets/images/features/features-5.png]
[templates.envytheme.com/plod/default/assets/images/features/features-6.png]
[templates.envytheme.com/plod/default/index-4.html]
[templates.envytheme.com/plod/default/index-5.html]
[templates.envytheme.com/plod/default/assets/images/page-banner/shape-1.png]
[templates.envytheme.com/plod/default/assets/images/page-banner/shape-2.png]
[templates.envytheme.com/plod/default/assets/images/page-banner/shape-3.png]
[templates.envytheme.com/plod/default/assets/images/page-banner/shape-4.png]
[templates.envytheme.com/plod/default/assets/images/faq/faq-1.png]
[templates.envytheme.com/plod/default/about-1.html]
[templates.envytheme.com/plod/default/about-2.html]
[templates.envytheme.com/plod/default/features-1.html]
[templates.envytheme.com/plod/default/features-2.html]
[templates.envytheme.com/plod/default/testimonials.html]
[templates.envytheme.com/plod/default/assets/images/process-bar.png]
[templates.envytheme.com/plod/default/services-1.html]
[templates.envytheme.com/plod/default/services-2.html]
[templates.envytheme.com/plod/default/services-3.html]
[templates.envytheme.com/plod/default/assets/images/services-details/services-details-1.jpg]
[templates.envytheme.com/plod/default/assets/images/services-details/shape-1.png]
[templates.envytheme.com/plod/default/assets/images/services-details/shape-2.png]
[templates.envytheme.com/plod/default/assets/images/services-details/shape-3.png]
[templates.envytheme.com/plod/default/services-details.html]
[templates.envytheme.com/plod/default/assets/images/team/team-5.jpg]
[templates.envytheme.com/plod/default/assets/images/team/team-6.jpg]
[templates.envytheme.com/plod/default/assets/images/team/team-7.jpg]
[templates.envytheme.com/plod/default/assets/images/team/team-8.jpg]
[templates.envytheme.com/plod/default/team-member.html]
[templates.envytheme.com/plod/default/pricing.html]
[templates.envytheme.com/plod/default/assets/images/gallery/gallery-1.jpg]
[templates.envytheme.com/plod/default/assets/images/gallery/gallery-2.jpg]
[templates.envytheme.com/plod/default/assets/images/gallery/gallery-3.jpg]
[templates.envytheme.com/plod/default/assets/images/gallery/gallery-4.jpg]
[templates.envytheme.com/plod/default/assets/images/gallery/gallery-5.jpg]
[templates.envytheme.com/plod/default/assets/images/gallery/gallery-6.jpg]
[templates.envytheme.com/plod/default/assets/images/gallery/gallery-7.jpg]
[templates.envytheme.com/plod/default/assets/images/gallery/gallery-8.jpg]
[templates.envytheme.com/plod/default/assets/images/gallery/gallery-9.jpg]
[templates.envytheme.com/plod/default/gallery.html]
[templates.envytheme.com/plod/default/assets/images/faq/shape-1.png]
[templates.envytheme.com/plod/default/assets/images/faq/shape-2.png]
[templates.envytheme.com/plod/default/assets/images/faq/shape-3.png]
[templates.envytheme.com/plod/default/assets/images/faq/shape-4.png]
[templates.envytheme.com/plod/default/assets/images/faq/shape-5.png]
[templates.envytheme.com/plod/default/faq.html]
[templates.envytheme.com/plod/default/assets/images/events/events-1.jpg]
[templates.envytheme.com/plod/default/assets/images/events/events-2.jpg]
[templates.envytheme.com/plod/default/assets/images/events/events-3.jpg]
[templates.envytheme.com/plod/default/assets/images/events/events-4.jpg]
[templates.envytheme.com/plod/default/assets/images/events/events-5.jpg]
[templates.envytheme.com/plod/default/assets/images/events/events-6.jpg]
[templates.envytheme.com/plod/default/assets/images/events/events-7.jpg]
[templates.envytheme.com/plod/default/assets/images/events/events-8.jpg]
[templates.envytheme.com/plod/default/assets/images/events/events-9.jpg]
[templates.envytheme.com/plod/default/events.html]
[templates.envytheme.com/plod/default/assets/images/events/events-details.jpg]
[templates.envytheme.com/plod/default/assets/images/payment/img1.png]
[templates.envytheme.com/plod/default/assets/images/payment/img2.png]
[templates.envytheme.com/plod/default/assets/images/payment/img3.png]
[templates.envytheme.com/plod/default/login.html]
[templates.envytheme.com/plod/default/events-details.html]
[templates.envytheme.com/plod/default/assets/images/courses/images-1.jpg]
[templates.envytheme.com/plod/default/assets/images/courses/images-2.jpg]
[templates.envytheme.com/plod/default/assets/images/courses/images-3.jpg]
[templates.envytheme.com/plod/default/assets/images/courses/courses-4.jpg]
[templates.envytheme.com/plod/default/assets/images/courses/courses-5.jpg]
[templates.envytheme.com/plod/default/assets/images/courses/courses-6.jpg]
[templates.envytheme.com/plod/default/courses-grid.html]
[templates.envytheme.com/plod/default/courses-right-sidebar.html]
[templates.envytheme.com/plod/default/assets/images/courses/courses-details.jpg]
[templates.envytheme.com/plod/default/courses-details.html]
[templates.envytheme.com/plod/default/assets/images/products/products-1.jpg]
[templates.envytheme.com/plod/default/assets/images/products/products-2.jpg]
[templates.envytheme.com/plod/default/assets/images/products/products-3.jpg]
[templates.envytheme.com/plod/default/assets/images/products/products-4.jpg]
[templates.envytheme.com/plod/default/assets/images/products/products-5.jpg]
[templates.envytheme.com/plod/default/assets/images/products/products-6.jpg]
[templates.envytheme.com/plod/default/assets/images/products/products-7.jpg]
[templates.envytheme.com/plod/default/assets/images/products/products-8.jpg]
[templates.envytheme.com/plod/default/assets/images/products/products-9.jpg]
[templates.envytheme.com/plod/default/assets/images/products/products-10.jpg]
[templates.envytheme.com/plod/default/assets/images/products/products-11.jpg]
[templates.envytheme.com/plod/default/assets/images/products/products-12.jpg]
[templates.envytheme.com/plod/default/products-grid.html]
[templates.envytheme.com/plod/default/cart.html]
[templates.envytheme.com/plod/default/checkout.html]
[templates.envytheme.com/plod/default/assets/images/products/products-details.jpg]
[templates.envytheme.com/plod/default/products-details.html]
[templates.envytheme.com/plod/default/profile-authentication.html]
[templates.envytheme.com/plod/default/membership-levels.html]
[templates.envytheme.com/plod/default/assets/images/purchase-guide.jpg]
[templates.envytheme.com/plod/default/purchase-guide.html]
[templates.envytheme.com/plod/default/assets/images/terms-of-service.jpg]
[templates.envytheme.com/plod/default/terms-of-service.html]
[templates.envytheme.com/plod/default/assets/images/privacy-policy.jpg]
[templates.envytheme.com/plod/default/privacy-policy.html]
[templates.envytheme.com/plod/default/assets/images/404.png]
[templates.envytheme.com/plod/default/error-404.html]
[templates.envytheme.com/plod/default/coming-soon.html]
[templates.envytheme.com/plod/default/assets/images/cases-study/cases-5.jpg]
[templates.envytheme.com/plod/default/assets/images/cases-study/cases-6.jpg]
[templates.envytheme.com/plod/default/case-study-1.html]
[templates.envytheme.com/plod/default/case-study-2.html]
[templates.envytheme.com/plod/default/assets/images/cases-details/cases-details-1.jpg]
[templates.envytheme.com/plod/default/assets/images/cases-details/cases-details-2.jpg]
[templates.envytheme.com/plod/default/assets/images/cases-details/cases-details-3.jpg]
[templates.envytheme.com/plod/default/case-study-details.html]
[templates.envytheme.com/plod/default/assets/images/blog/blog-8.jpg]
[templates.envytheme.com/plod/default/assets/images/blog/blog-9.jpg]
[templates.envytheme.com/plod/default/blog.html]
[templates.envytheme.com/plod/default/blog-right-sidebar.html]
[templates.envytheme.com/plod/default/assets/images/blog/blog-large-1.jpg]
[templates.envytheme.com/plod/default/assets/images/blog/blog-large-2.jpg]
[templates.envytheme.com/plod/default/assets/images/blog/blog-large-3.jpg]
[templates.envytheme.com/plod/default/blog-standard.html]
[templates.envytheme.com/plod/default/assets/images/clients/clients-4.png]
[templates.envytheme.com/plod/default/blog-details.html]
[templates.envytheme.com/plod/default/contact.html]
[templates.envytheme.com/plod/default/assets/fonts/remixicondf6d.html]
[templates.envytheme.com/plod/default/assets/css/owl.video.play.html]
[templates.envytheme.com/plod/default/login.html]
